INFO:     Will watch for changes in these directories: ['/Users/sachinjaiswal/Desktop/Productathon/backend']
INFO:     Uvicorn running on http://0.0.0.0:8000 (Press CTRL+C to quit)
INFO:     Started reloader process [48416] using StatReload
🚀 Starting B2B Lead Intelligence Agent Backend...
📊 Server will be available at: http://localhost:8000
📚 API Documentation: http://localhost:8000/docs

⏰ Scheduler will run ingestion every 30 minutes
🔄 Auto-reload enabled for development

INFO:     Started server process [48614]
INFO:     Waiting for application startup.
INFO:apscheduler.scheduler:Adding job tentatively -- it will be properly scheduled when the scheduler starts
INFO:apscheduler.scheduler:Added job "scheduled_ingestion" to job store "default"
INFO:apscheduler.scheduler:Scheduler started
INFO:app.scheduler:Scheduler started. Ingestion will run every 30 minutes.
INFO:app.main:🚀 Running initial data ingestion on startup...
INFO:app.routers.ingestion:Starting ingestion for keywords: ['new manufacturing plant India', 'boiler commissioning India', 'industrial expansion India']
INFO:app.ingestion.multi_source_monitor:Fetching from Google News: https://news.google.com/rss/search?q=new%20manufacturing%20plant%20India&hl=en-IN&gl=IN&ceid=IN:en
INFO:     Application startup complete.
INFO:app.ingestion.multi_source_monitor:  - Analyzing: Mahindra to Set Up its Largest Integrated Auto & Tractor Manufacturing Facility in Maharashtra - Mahindra (https://news.google.com/rss/articles/CBMi4gFBVV95cUxQa3llX2FwMXBBRlFVN2NkTWpxajdDUmtaeDdCTlV1SFVPcTVfdFo1YVBkRVExd3FzbHdUdC1vWWlJQ1dfYk43bjVxQ2VmdXZmUVBtQi1LVl9sVVVmS1RyeWNCYlE4NDFmVmRObFhzV1N1WEpSTjFBb0hHZ3d0dU9EZEx6ZEVLUDgyVjdLajJjRlpJeEE4RGJ3X21veGRPQ3ZidVkyT3BHeDlHdWlGOXBtRG05UTRVVFdIRDBwb3pXZW0xR1otQmZHakdCSnhsVjh2Y2xqUUN5cE1takczd3Z4QVJR?oc=5)
INFO:app.ingestion.multi_source_monitor:    -> FALLBACK (Summary: 524)
INFO:app.ingestion.multi_source_monitor:  - Analyzing: Stallion India Fluorochemicals Signs ₹200 Crore MoU with Rajasthan Government for HFO Manufacturing Plant - scanx.trade (https://news.google.com/rss/articles/CBMi7wFBVV95cUxNZWRLdXVtbVF5bnlwRWhnaEZTN05DV2FLU054cVlBdmh4YUMxQVE0dG5NLVQ3UzZrYjhwUVpsbGEtR2FTTHlucEFOVXFuQWtOZ1RRb2xYN1R2bFFjb1FsaDJtbEhRbC1adlNSbWpibk5TUGllWlF2Y3N2eDJMenVSNElrNFlma0paWjh5S0ZVaUNtNTJadFBreHd4TW10cXdRSU9Kek1YdC1EMFZNNXJMdTR4RVJYcWZrSlVUcG5GOVZmMjdnOEFjQVJVQXNRVXBUdEp3cHJKMmVHQkE3bkE5RlJqckF3WUktNkY3THlTYw?oc=5)
INFO:app.ingestion.multi_source_monitor:    -> FALLBACK (Summary: 556)
INFO:app.ingestion.multi_source_monitor:  - Analyzing: Odisha to host new 4 GW solar module manufacturing plant - Solarbytes (https://news.google.com/rss/articles/CBMirgFBVV95cUxQYkQ3UlN0QzdiNXhFS1p2NjZMSkJtV1FWeTYtM19VM3dYX1FrclgyeU9fSHlsNjNwNHJQMUhrSWZWSWlaVktNWERqS1VXbUxZTTFsYlRmQlpHREUtUlFOSGVzVEozbGdNZ1hRMThnRXppSkl5MFFLNnZFSDdNSjZXYmY2Q3JnNkhhZ1lFcm1RNmlhdXNuVlVvUENtV2pSS0Q2aVVMXzJHX3Y0dHV6eGc?oc=5)
INFO:app.ingestion.multi_source_monitor:    -> FALLBACK (Summary: 419)
INFO:app.ingestion.multi_source_monitor:Fetching from Bing News: https://www.bing.com/news/search?q=new%20manufacturing%20plant%20India&format=rss
INFO:app.ingestion.multi_source_monitor:  - Analyzing: Taural India aluminium casting plant commences operations (http://www.bing.com/news/apiclick.aspx?ref=FexRss&aid=&tid=6987995d4a3449b69417c8948ada2bef&url=https%3a%2f%2fwww.financialexpress.com%2fbusiness%2fnews%2ftaural-india-aluminium-casting-plant-commences-operations%2f4134020%2f&c=17595086066895855137&mkt=en-in)
INFO:app.ingestion.multi_source_monitor:    -> MATCH (Full Text: 2302)
INFO:app.ingestion.multi_source_monitor:  - Analyzing: Jindal India launches Rs 11,000-crore coating line at Howrah plant (http://www.bing.com/news/apiclick.aspx?ref=FexRss&aid=&tid=6987995d4a3449b69417c8948ada2bef&url=https%3a%2f%2ftimesofindia.indiatimes.com%2fcity%2fkolkata%2fjindal-india-launches-rs-11000-crore-coating-line-at-howrah-plant%2farticleshow%2f128006561.cms&c=18413598496635988138&mkt=en-in)
INFO:app.ingestion.multi_source_monitor:    -> MATCH (Full Text: 1160)
INFO:app.ingestion.multi_source_monitor:  - Analyzing: Supertech EV commissions Karnataka plant with 12,000 annual electric two-wheeler capacity (http://www.bing.com/news/apiclick.aspx?ref=FexRss&aid=&tid=6987995d4a3449b69417c8948ada2bef&url=https%3a%2f%2fauto.economictimes.indiatimes.com%2fnews%2ftwo-wheelers%2fsupertech-ev-launches-new-manufacturing-plant-in-karnataka-for-electric-two-wheelers%2f127977974&c=17922782404122701780&mkt=en-in)
INFO:app.ingestion.multi_source_monitor:    -> MATCH (Full Text: 122)
INFO:app.ingestion.multi_source_monitor:Fetching from Google News: https://news.google.com/rss/search?q=boiler%20commissioning%20India&hl=en-IN&gl=IN&ceid=IN:en
INFO:app.ingestion.multi_source_monitor:  - Analyzing: Thermax Secures ₹580 Crore Boiler Order From Dangote Industries for Nigeria Refinery - India Infoline (https://news.google.com/rss/articles/CBMixwFBVV95cUxQc0RDaFBkV00wSWJRYjdUU0JuaGpMcUdPaDRoSzc1eVlUVm5wcVNxWmwtN1hna0ZBWDV6Sml3di1LRGtKM3lCei0tNWlMV1hPRjFrWm54VlBoVEFtak1IekFHcVowOXZGQ21WQThQM2FELXdfbjRwWl9PS2FRRHM0aFBJR2VMeERNd0VxdlN5Zm8tRTBZR2tkQy1JRHNkSFdHZF82ZjZfcUNiOGR4cG1fUDNGSm12WDM4Z19qYUw4cGo4OFAwcjNF?oc=5)
INFO:app.ingestion.multi_source_monitor:    -> FALLBACK (Summary: 484)
INFO:app.ingestion.multi_source_monitor:  - Analyzing: Thermax bags Rs. 580 crore+ utility boilers order from Dangote - Indian Chemical News (https://news.google.com/rss/articles/CBMirgFBVV95cUxNdzhrTE5tQ24xSjJ3TVdXRnY2TlkyZW9Va2dzN3ZZWm4zNy12ckI4N2d2WVNJeTh4NWpiMXZVT29vYVpsVHVnY1RFbjgwYktYd0dnMk5GbWZDQWR1V2RtdDkyb0VwUWJob01ZcTVXUXYyZ3VBd3dudjdLdUtKLW5DUUw4NktKZ1I0b3NvZHNZaE94WVFzRWRIYXpmcHQzMmZteTYwR2RPSEsxQ3ZqWFHSAbQBQVVfeXFMUEViSFNiWkUxVlBmcmxQX3FtdDZleXhyZ3AwN0JIS1NSakVDem9UZFZfdV9lWjk2bm0xVWJkNy1LSl92ckstWUNOT0hiVDNJZTlhd0JKOUtpeWhtcXBERXZrUWVzQ2tZWEdMNzBZSFRmNXp2WmxaNTM0aWcxdVJmZGw3YnV2SkJId3hlOHR6ZGFhVnFiSWdTNFZSY0hTWW5FekxCZFpmd3haeEJPUkFUNUd0WHBR?oc=5)
INFO:app.ingestion.multi_source_monitor:    -> FALLBACK (Summary: 680)
INFO:app.ingestion.multi_source_monitor:  - Analyzing: Ramsarup Industries set to commission high-tech modern blast furnace and linear sinter plant - Manufacturing Today India (https://news.google.com/rss/articles/CBMifkFVX3lxTE0xT0htcU5Tb2NOY09Gc2Y5QkRqdGtEQmI5UEJQdUdzcHI5aHJQdnl0R0JINXI2TlVpOVJLYlhwbkFRMlFSemxrWGdVaUJaeERNMmc1VmU2d2YxdUVTd0RxZUNmU21odlZMdGpwa0xjR3NGSEw2QnZnUGhoZ3U2dw?oc=5)
INFO:app.ingestion.multi_source_monitor:    -> FALLBACK (Summary: 405)
INFO:app.ingestion.multi_source_monitor:Fetching from Bing News: https://www.bing.com/news/search?q=boiler%20commissioning%20India&format=rss
INFO:app.ingestion.multi_source_monitor:  - Analyzing: NLC conducts boiler light-up test for NNTPP's first unit (http://www.bing.com/news/apiclick.aspx?ref=FexRss&aid=&tid=69879970fe554a3bb47a9d1c0521b2b8&url=https%3a%2f%2ftimesofindia.indiatimes.com%2fbusiness%2findia-business%2fnlc-conducts-boiler-light-up-test-for-nntpps-first-unit%2farticleshow%2f67310172.cms&c=13272156603163521814&mkt=en-in)
INFO:app.ingestion.multi_source_monitor:    -> MATCH (Full Text: 1309)
INFO:app.ingestion.multi_source_monitor:Fetching from Google News: https://news.google.com/rss/search?q=industrial%20expansion%20India&hl=en-IN&gl=IN&ceid=IN:en
INFO:app.ingestion.multi_source_monitor:  - Analyzing: IAFS 2026: A Co-Development Inflection Point - orfonline.org (https://news.google.com/rss/articles/CBMiigFBVV95cUxNMHBTR2pFYjg0M2FONG1rMFh0QjN3UGtZMnhWV01hX3lSSUJTM3FlM2ZacEFudDVSNzY4ZUhGNmRJdTJ6VzRMWDVXU0ZoR1RwYnY1eXE5c0diVkpVX0J2bTFONmN6a3JKNDRiR1p5WWFYaThmTktfTkRtRkZ4dVhMVHo4TngtSE1aMGc?oc=5)
INFO:app.ingestion.multi_source_monitor:    -> FALLBACK (Summary: 362)
INFO:app.ingestion.multi_source_monitor:  - Analyzing: Odisha’s Industrial Scale and Skilled Workforce to Anchor India’s Next Growth Phase: CM Majhi - KalingaTV (https://news.google.com/rss/articles/CBMivwFBVV95cUxQZnBUUDN4cXZlOG5US2U4aktxRFU5cUItQkRtMHVWV0tlR0lxRWQ1QndkN3FCTTh0emlOUlBTa1FHMERReXdtSGdUZ0I0VnBHVnBnVmZ0MEY1YkJNMTEwalhFX1RqdWx2VlNCQXJpVElubEVCb3NtNC1NdnZJUHplYVpFeTg3ZUtZSFNQMVJRZUVLd09XTDl0cmp2bmNyQ3FUZ2Q4LWZITjhFWTg4UW9Od2t2b1NmS1owRGxlelFsUQ?oc=5)
INFO:app.ingestion.multi_source_monitor:    -> FALLBACK (Summary: 478)
INFO:app.ingestion.multi_source_monitor:  - Analyzing: Budget 2026: Manufacturing takes centre stage in India’s growth blueprint - kpmg.com (https://news.google.com/rss/articles/CBMiswFBVV95cUxORW5xQTdYeEREOTJSUUYtN1dRelo4Q0JyMncxQjJpRkZZZUhWQU9LczlROTFPaEtkYXFDdTMxWkp0Wk0waGVMd1pqUmtWNnl2UWp1UVZDSDhQZmdiU3o0ZDVfd2J0Wm9McjFSUkFTSmd0YjlGMkRJbXp1MWhUQzdleXJCNHQ0aFpoWHVLRjNibjR2NzgwMkJkUkVTUmRuNUFHclhUaE5yeDF3dXZ5SUFLSUlEZw?oc=5)
INFO:app.ingestion.multi_source_monitor:    -> FALLBACK (Summary: 441)
INFO:app.ingestion.multi_source_monitor:Fetching from Bing News: https://www.bing.com/news/search?q=industrial%20expansion%20India&format=rss
INFO:app.ingestion.multi_source_monitor:  - Analyzing: India’s Industrial Output Climbs 7.8% in December 2025, Highest in Over Two Years (http://www.bing.com/news/apiclick.aspx?ref=FexRss&aid=&tid=69879982239645f58899d2da9c41327d&url=https%3a%2f%2fwww.republicworld.com%2fbusiness%2findias-industrial-output-climbs-78-in-december-2025-highest-in-over-two-years&c=16827952512176158708&mkt=en-in)
INFO:app.ingestion.multi_source_monitor:    -> MATCH (Full Text: 1567)
INFO:app.ingestion.multi_source_monitor:  - Analyzing: Industrial expansion in Tamil Nadu set to boost employment with 55,000 jobs expected (http://www.bing.com/news/apiclick.aspx?ref=FexRss&aid=&tid=69879982239645f58899d2da9c41327d&url=https%3a%2f%2fenglish.mathrubhumi.com%2fnews%2findia%2ftamil-nadu-cabinet-approves-15-industrial-projects-34237-crore-uks7qvhi&c=17908692034955451174&mkt=en-in)
INFO:app.ingestion.multi_source_monitor:    -> MATCH (Full Text: 2288)
INFO:app.ingestion.multi_source_monitor:  - Analyzing: Industrial output expands 7.8% in December (http://www.bing.com/news/apiclick.aspx?ref=FexRss&aid=&tid=69879982239645f58899d2da9c41327d&url=https%3a%2f%2fwww.livemint.com%2feconomy%2findia-industrial-production-december-manufacturing-mining-consumer-durables-gst-11769595565495.html&c=2045881576295439239&mkt=en-in)
INFO:app.ingestion.multi_source_monitor:    -> MATCH (Full Text: 5108)
INFO:app.routers.ingestion:[DEBUG] News Monitor returned: 16 signals
INFO:app.routers.ingestion:[DEBUG] Tender Monitor returned: 14 signals
INFO:app.routers.ingestion:Ingestion complete. Added 16 new signals.
INFO:app.routers.ingestion:Starting Intelligence Processing...
INFO:app.services.intelligence:Processing Signal ID 13: Cisco manufacturing unit a testament of India's engineering capabilities: Scindia
INFO:app.services.intelligence:  -> No company extracted
INFO:app.services.intelligence:  -> No product inferred
INFO:app.services.intelligence:Processing Signal ID 16: DoP Shortlists Patented, Unlaunched Drugs for Global Tender Exemption, See Full List - Medical Dialogues
INFO:app.services.intelligence:  -> No company extracted
INFO:app.services.intelligence:  -> No product inferred
INFO:app.services.intelligence:Processing Signal ID 22: Supertech EV commissions Karnataka plant with 12,000 annual electric two-wheeler capacity
INFO:app.services.intelligence:  -> No company extracted
INFO:app.services.intelligence:  -> No product inferred
INFO:app.services.intelligence:Processing Signal ID 24: Press Note Details: Press Information Bureau - PIB
INFO:app.services.intelligence:  -> No company extracted
INFO:app.services.intelligence:  -> No product inferred
INFO:app.services.intelligence:Processing Signal ID 30: Cisco manufacturing unit a testament of India's engineering capabilities: Scindia
INFO:app.services.intelligence:  -> No company extracted
INFO:app.services.intelligence:  -> No product inferred
INFO:app.services.intelligence:Processing Signal ID 40: Taural India aluminium casting plant commences operations
INFO:app.services.intelligence:  -> Extracted Company: Taural India aluminium casting plant
INFO:app.services.intelligence:  -> Inferred Product: Furnace Oil
INFO:app.services.intelligence:  -> Created Lead ID 35 (Confidence: 0.90)
INFO:app.services.intelligence:Processing Signal ID 41: Jindal India launches Rs 11,000-crore coating line at Howrah plant
INFO:app.services.intelligence:  -> Extracted Company: Jindal India
INFO:app.services.intelligence:  -> Inferred Product: LDO (Light Diesel Oil)
INFO:app.services.intelligence:  -> Created Lead ID 36 (Confidence: 0.90)
INFO:app.services.intelligence:Processing Signal ID 42: Supertech EV commissions Karnataka plant with 12,000 annual electric two-wheeler capacity
INFO:app.services.intelligence:  -> No company extracted
INFO:app.services.intelligence:  -> No product inferred
INFO:app.services.intelligence:Processing Signal ID 43: NLC conducts boiler light-up test for NNTPP's first unit
INFO:app.services.intelligence:  -> No company extracted
INFO:app.services.intelligence:  -> Inferred Product: Furnace Oil
INFO:app.services.intelligence:  -> Created Lead ID 37 (Confidence: 0.90)
INFO:app.services.intelligence:Processing Signal ID 44: IAFS 2026: A Co-Development Inflection Point - orfonline.org
INFO:app.services.intelligence:  -> No company extracted
INFO:app.services.intelligence:  -> No product inferred
INFO:app.services.intelligence:Processing Signal ID 45: Odisha’s Industrial Scale and Skilled Workforce to Anchor India’s Next Growth Phase: CM Majhi - KalingaTV
INFO:app.services.intelligence:  -> No company extracted
INFO:app.services.intelligence:  -> No product inferred
INFO:app.services.intelligence:Processing Signal ID 46: Budget 2026: Manufacturing takes centre stage in India’s growth blueprint - kpmg.com
INFO:app.services.intelligence:  -> No company extracted
INFO:app.services.intelligence:  -> No product inferred
INFO:app.services.intelligence:Processing Signal ID 47: India’s Industrial Output Climbs 7.8% in December 2025, Highest in Over Two Years
INFO:app.services.intelligence:  -> No company extracted
INFO:app.services.intelligence:  -> No product inferred
INFO:app.services.intelligence:Processing Signal ID 48: Industrial expansion in Tamil Nadu set to boost employment with 55,000 jobs expected
INFO:app.services.intelligence:  -> Extracted Company: state Industries
INFO:app.services.intelligence:  -> No product inferred
INFO:app.services.intelligence:  -> Created Lead ID 38 (Confidence: 0.70)
INFO:app.services.intelligence:Processing Signal ID 49: Industrial output expands 7.8% in December
INFO:app.services.intelligence:  -> No company extracted
INFO:app.services.intelligence:  -> Inferred Product: Furnace Oil
INFO:app.services.intelligence:  -> Created Lead ID 39 (Confidence: 0.90)
INFO:app.services.intelligence:Processing Signal ID 50: Cisco manufacturing unit a testament of India's engineering capabilities: Scindia
INFO:app.services.intelligence:  -> No company extracted
INFO:app.services.intelligence:  -> No product inferred
INFO:app.services.intelligence:Processing Signal ID 51: Rockwool Group’s ₹550 crore Cheyyar plant to be operational from mid-2026
INFO:app.services.intelligence:  -> Extracted Company: Rockwool Group
INFO:app.services.intelligence:  -> No product inferred
INFO:app.services.intelligence:  -> Created Lead ID 40 (Confidence: 0.60)
INFO:app.services.intelligence:Processing Signal ID 52: Rockwool Group’s ₹550 crore Cheyyar plant to be operational from mid-2026
INFO:app.services.intelligence:  -> Extracted Company: Rockwool Group
INFO:app.services.intelligence:  -> No product inferred
INFO:app.services.intelligence:  -> Created Lead ID 41 (Confidence: 0.60)
INFO:app.services.intelligence:Processing Signal ID 53: Navi Mumbai upgrade plan: CIDCO floats tender for third-runway study; feasibility report to shape future - Times of India
INFO:app.services.intelligence:  -> No company extracted
INFO:app.services.intelligence:  -> No product inferred
INFO:app.services.intelligence:Processing Signal ID 54: SJVN Floats Tender For 300 MW Of New Solar Projects In Punjab - Construction World
INFO:app.services.intelligence:  -> No company extracted
INFO:app.services.intelligence:  -> Inferred Product: Bitumen
INFO:app.services.intelligence:  -> Created Lead ID 42 (Confidence: 0.90)
INFO:app.services.intelligence:Processing Signal ID 55: Favouritism? GNIDA’s Rs 241-crore trash tender under Allahabad high court scanner - Times of India
INFO:app.services.intelligence:  -> No company extracted
INFO:app.services.intelligence:  -> No product inferred
INFO:app.routers.ingestion:Intelligence complete. Created 21 new leads.
