INFO:     Started server process [42736]
INFO:     Waiting for application startup.
INFO:apscheduler.scheduler:Adding job tentatively -- it will be properly scheduled when the scheduler starts
INFO:apscheduler.scheduler:Added job "scheduled_ingestion" to job store "default"
INFO:apscheduler.scheduler:Scheduler started
INFO:app.scheduler:Scheduler started. Ingestion will run every 30 minutes.
INFO:     Application startup complete.
INFO:     Uvicorn running on http://0.0.0.0:8000 (Press CTRL+C to quit)
DATABASE PATH: sqlite:////Users/sachinjaiswal/Desktop/Productathon/backend/database.db
INFO:     127.0.0.1:58747 - "GET /companies/ HTTP/1.1" 200 OK
INFO:apscheduler.executors.default:Running job "scheduled_ingestion (trigger: interval[0:30:00], next run at: 2026-02-08 01:14:31 IST)" (scheduled at 2026-02-08 01:14:31.371633+05:30)
INFO:app.scheduler:Running scheduled ingestion...
INFO:app.routers.ingestion:Starting ingestion for keywords: ['new manufacturing plant India', 'road construction projects India', 'boiler commissioning India']
INFO:app.ingestion.multi_source_monitor:Fetching from Google News: https://news.google.com/rss/search?q=new%20manufacturing%20plant%20India&hl=en-IN&gl=IN&ceid=IN:en
INFO:app.ingestion.multi_source_monitor:  - Analyzing: Mahindra to Set Up its Largest Integrated Auto & Tractor Manufacturing Facility in Maharashtra - Mahindra (https://news.google.com/rss/articles/CBMi4gFBVV95cUxQa3llX2FwMXBBRlFVN2NkTWpxajdDUmtaeDdCTlV1SFVPcTVfdFo1YVBkRVExd3FzbHdUdC1vWWlJQ1dfYk43bjVxQ2VmdXZmUVBtQi1LVl9sVVVmS1RyeWNCYlE4NDFmVmRObFhzV1N1WEpSTjFBb0hHZ3d0dU9EZEx6ZEVLUDgyVjdLajJjRlpJeEE4RGJ3X21veGRPQ3ZidVkyT3BHeDlHdWlGOXBtRG05UTRVVFdIRDBwb3pXZW0xR1otQmZHakdCSnhsVjh2Y2xqUUN5cE1takczd3Z4QVJR?oc=5)
INFO:app.ingestion.multi_source_monitor:    -> FALLBACK (Summary: 524)
INFO:app.ingestion.multi_source_monitor:  - Analyzing: Stallion India Fluorochemicals Signs ₹200 Crore MoU with Rajasthan Government for HFO Manufacturing Plant - scanx.trade (https://news.google.com/rss/articles/CBMi7wFBVV95cUxNZWRLdXVtbVF5bnlwRWhnaEZTN05DV2FLU054cVlBdmh4YUMxQVE0dG5NLVQ3UzZrYjhwUVpsbGEtR2FTTHlucEFOVXFuQWtOZ1RRb2xYN1R2bFFjb1FsaDJtbEhRbC1adlNSbWpibk5TUGllWlF2Y3N2eDJMenVSNElrNFlma0paWjh5S0ZVaUNtNTJadFBreHd4TW10cXdRSU9Kek1YdC1EMFZNNXJMdTR4RVJYcWZrSlVUcG5GOVZmMjdnOEFjQVJVQXNRVXBUdEp3cHJKMmVHQkE3bkE5RlJqckF3WUktNkY3THlTYw?oc=5)
INFO:app.ingestion.multi_source_monitor:    -> FALLBACK (Summary: 556)
INFO:app.ingestion.multi_source_monitor:  - Analyzing: Odisha to host new 4 GW solar module manufacturing plant - Solarbytes (https://news.google.com/rss/articles/CBMirgFBVV95cUxQYkQ3UlN0QzdiNXhFS1p2NjZMSkJtV1FWeTYtM19VM3dYX1FrclgyeU9fSHlsNjNwNHJQMUhrSWZWSWlaVktNWERqS1VXbUxZTTFsYlRmQlpHREUtUlFOSGVzVEozbGdNZ1hRMThnRXppSkl5MFFLNnZFSDdNSjZXYmY2Q3JnNkhhZ1lFcm1RNmlhdXNuVlVvUENtV2pSS0Q2aVVMXzJHX3Y0dHV6eGc?oc=5)
INFO:app.ingestion.multi_source_monitor:    -> FALLBACK (Summary: 419)
INFO:app.ingestion.multi_source_monitor:Fetching from Bing News: https://www.bing.com/news/search?q=new%20manufacturing%20plant%20India&format=rss
INFO:app.ingestion.multi_source_monitor:  - Analyzing: Taural India aluminium casting plant commences operations (http://www.bing.com/news/apiclick.aspx?ref=FexRss&aid=&tid=6987962612ec4c2bbbd0d120cd905ed5&url=https%3a%2f%2fwww.financialexpress.com%2fbusiness%2fnews%2ftaural-india-aluminium-casting-plant-commences-operations%2f4134020%2f&c=17595086066895855137&mkt=en-in)
INFO:app.ingestion.multi_source_monitor:    -> MATCH (Full Text: 2302)
INFO:app.ingestion.multi_source_monitor:  - Analyzing: Jindal India launches Rs 11,000-crore coating line at Howrah plant (http://www.bing.com/news/apiclick.aspx?ref=FexRss&aid=&tid=6987962612ec4c2bbbd0d120cd905ed5&url=https%3a%2f%2ftimesofindia.indiatimes.com%2fcity%2fkolkata%2fjindal-india-launches-rs-11000-crore-coating-line-at-howrah-plant%2farticleshow%2f128006561.cms&c=18413598496635988138&mkt=en-in)
INFO:app.ingestion.multi_source_monitor:    -> MATCH (Full Text: 1160)
INFO:app.ingestion.multi_source_monitor:  - Analyzing: Supertech EV commissions Karnataka plant with 12,000 annual electric two-wheeler capacity (http://www.bing.com/news/apiclick.aspx?ref=FexRss&aid=&tid=6987962612ec4c2bbbd0d120cd905ed5&url=https%3a%2f%2fauto.economictimes.indiatimes.com%2fnews%2ftwo-wheelers%2fsupertech-ev-launches-new-manufacturing-plant-in-karnataka-for-electric-two-wheelers%2f127977974&c=17922782404122701780&mkt=en-in)
INFO:app.ingestion.multi_source_monitor:    -> MATCH (Full Text: 122)
INFO:app.ingestion.multi_source_monitor:Fetching from Google News: https://news.google.com/rss/search?q=road%20construction%20projects%20India&hl=en-IN&gl=IN&ceid=IN:en
INFO:app.ingestion.multi_source_monitor:  - Analyzing: India's road construction likely to slide to a 5-year low of 25-26 km per day in FY26: ICRA - The Economic Times (https://news.google.com/rss/articles/CBMijAJBVV95cUxNSmhpWnN3X3dwWTl1T1d1MFFHR1VQTUpYQlVtaF9ETjdGVW9NS2tSTlJIR0kyOVhJMWpaa0c2dkU3Y0d6YllYdHVJSFlORV9zU1ZMVXhnMTduTjlHWUl5S2FPZlhOR2Etd2phMkJjOXhIRml2N2VVQU92Y1BhQkViM1R2SWtxdlN4YS1QbkhkZUpubElqdjRya2g0aVZRcFlwWVE5VGstUkNra1czX0VZLXZqc1pncjJjRkpnYUZFUHlwcXpkWThETDhnbXo2WVEwZ1ZrSmZjZU5LbjYza2JwUG5fUDVRekxuNGJFYlpmang4VzMteTZGbjFNNjhBMy16UHctUjNybzhkWmU30gGSAkFVX3lxTE9jQm1waUlfU2lYX3lORFp6QW5pNGJ4U241NVhlYVdKQ3Fua2RwTk9NbTNIRVdMOW1yTG94ZFZfcVkxemlUa3VvdWItV2RzeWktVzZzR1ZJTDhsSkFPSW1xQy1ZVC1iWjJtdHNFZDdjYVBEcXJBVERtelF3YXpQRHlUcnJjc3pMOWEyWHZLc0VwVklrNGtsTE1Dc0VoNTBROFlfZHpwU3F4SVpOQ2QtZWRQajZpaEdUYjJyLWprZTQzUWRVc3ZDbEU4Q1pkNXNWQlJDRHpDRmZZS0M3UEU1bG41akxsb0drTS0xZVRJR2NzNDg3QWROZ1R6YTJiZTJkbm45bmxHLXJjWnlpRlBFWGU3ckE?oc=5)
INFO:app.ingestion.multi_source_monitor:    -> FALLBACK (Summary: 958)
INFO:app.ingestion.multi_source_monitor:  - Analyzing: Press Note Details: Press Information Bureau - PIB (https://news.google.com/rss/articles/CBMieEFVX3lxTE5YTm54RTcyZGJqdkFRSWdrazY1Qk5OeEhuV1c2OFFQSVk3Ym1Pa0tZdlIwaHlqMkJlSjlvU19pUlNZWERtSDF3T0sxdjNRUzVyaXJCTHBCd1FzUl94a1JzbjJ4cFE3LTdLbVpHV2VMYklFUURPMEQ3bw?oc=5)
INFO:app.ingestion.multi_source_monitor:    -> FALLBACK (Summary: 327)
INFO:app.ingestion.multi_source_monitor:  - Analyzing: Govt aims to accelerate pace of highways construction to 60 km/day: Gadkari - ET Infra (https://news.google.com/rss/articles/CBMi1gFBVV95cUxORXpVUWxuR0pTS3hpNTZYZDZxUXM5V3UtQnlrLTlOV2cxNnJGZHh4MTF3YUVnMHJFQUFvLWMyZjFadnpCRW83QnlMUVpLNktnU1pIYS1sOFo5YTRwUjNNWExxTnp2OVI0VDRGQ2tvQ203MDJNbDBiSGpFXy1qd2hiUXNESlNnOUVQU3RKMW1lc3M1Qmh4bDd1UEN6WXFlb0ZFby1xRk1DYXFlX1ZhUDB6RWJqajBpdGZNSGN6QnEzeXhKNkhCZWNuRXR0SjlNWktZTXlxelRR?oc=5)
INFO:app.ingestion.multi_source_monitor:    -> FALLBACK (Summary: 489)
INFO:app.ingestion.multi_source_monitor:Fetching from Bing News: https://www.bing.com/news/search?q=road%20construction%20projects%20India&format=rss
INFO:app.ingestion.multi_source_monitor:  - Analyzing: Can skilled workers transform India’s highways? NHAI plans mega training mission (http://www.bing.com/news/apiclick.aspx?ref=FexRss&aid=&tid=6987963640b94b6fa281fb303ab7a0da&url=https%3a%2f%2fwww.zeebiz.com%2feconomy-infra%2froadways%2fnews-can-skilled-workers-transform-india-s-highways-nhai-plans-mega-training-mission-389866&c=11336891555635997842&mkt=en-in)
INFO:app.ingestion.multi_source_monitor:    -> MATCH (Full Text: 4149)
INFO:app.ingestion.multi_source_monitor:  - Analyzing: India’s Biggest Highway Push Advances: Over 21,700 km Out Of 26,425 km Awarded Projects Under Bharatmala Pariyojana Completed (http://www.bing.com/news/apiclick.aspx?ref=FexRss&aid=&tid=6987963640b94b6fa281fb303ab7a0da&url=https%3a%2f%2fswarajyamag.com%2finfrastructure%2findias-biggest-highway-push-advances-over-21700-km-out-of-26425-km-awarded-projects-under-bharatmala-pariyojana-completed&c=13037540990555386662&mkt=en-in)
INFO:app.ingestion.multi_source_monitor:    -> MATCH (Full Text: 2564)
INFO:app.ingestion.multi_source_monitor:  - Analyzing: Pb mins review Sri Anandpur Sahib bridge projects, announce Khuralgarh Sahib road upgrade (http://www.bing.com/news/apiclick.aspx?ref=FexRss&aid=&tid=6987963640b94b6fa281fb303ab7a0da&url=https%3a%2f%2ftimesofindia.indiatimes.com%2fcity%2fchandigarh%2fpb-mins-review-sri-anandpur-sahib-bridge-projects-announce-khuralgarh-sahib-road-upgrade%2farticleshow%2f127916215.cms&c=6286149608832310519&mkt=en-in)
INFO:app.ingestion.multi_source_monitor:    -> MATCH (Full Text: 1946)
INFO:app.ingestion.multi_source_monitor:Fetching from Google News: https://news.google.com/rss/search?q=boiler%20commissioning%20India&hl=en-IN&gl=IN&ceid=IN:en
INFO:app.ingestion.multi_source_monitor:  - Analyzing: Thermax Secures ₹580 Crore Boiler Order From Dangote Industries for Nigeria Refinery - India Infoline (https://news.google.com/rss/articles/CBMixwFBVV95cUxQc0RDaFBkV00wSWJRYjdUU0JuaGpMcUdPaDRoSzc1eVlUVm5wcVNxWmwtN1hna0ZBWDV6Sml3di1LRGtKM3lCei0tNWlMV1hPRjFrWm54VlBoVEFtak1IekFHcVowOXZGQ21WQThQM2FELXdfbjRwWl9PS2FRRHM0aFBJR2VMeERNd0VxdlN5Zm8tRTBZR2tkQy1JRHNkSFdHZF82ZjZfcUNiOGR4cG1fUDNGSm12WDM4Z19qYUw4cGo4OFAwcjNF?oc=5)
INFO:app.ingestion.multi_source_monitor:    -> FALLBACK (Summary: 484)
INFO:app.ingestion.multi_source_monitor:  - Analyzing: Thermax bags Rs. 580 crore+ utility boilers order from Dangote - Indian Chemical News (https://news.google.com/rss/articles/CBMirgFBVV95cUxNdzhrTE5tQ24xSjJ3TVdXRnY2TlkyZW9Va2dzN3ZZWm4zNy12ckI4N2d2WVNJeTh4NWpiMXZVT29vYVpsVHVnY1RFbjgwYktYd0dnMk5GbWZDQWR1V2RtdDkyb0VwUWJob01ZcTVXUXYyZ3VBd3dudjdLdUtKLW5DUUw4NktKZ1I0b3NvZHNZaE94WVFzRWRIYXpmcHQzMmZteTYwR2RPSEsxQ3ZqWFHSAbQBQVVfeXFMUEViSFNiWkUxVlBmcmxQX3FtdDZleXhyZ3AwN0JIS1NSakVDem9UZFZfdV9lWjk2bm0xVWJkNy1LSl92ckstWUNOT0hiVDNJZTlhd0JKOUtpeWhtcXBERXZrUWVzQ2tZWEdMNzBZSFRmNXp2WmxaNTM0aWcxdVJmZGw3YnV2SkJId3hlOHR6ZGFhVnFiSWdTNFZSY0hTWW5FekxCZFpmd3haeEJPUkFUNUd0WHBR?oc=5)
INFO:app.ingestion.multi_source_monitor:    -> FALLBACK (Summary: 680)
INFO:app.ingestion.multi_source_monitor:  - Analyzing: Ramsarup Industries set to commission high-tech modern blast furnace and linear sinter plant - Manufacturing Today India (https://news.google.com/rss/articles/CBMifkFVX3lxTE0xT0htcU5Tb2NOY09Gc2Y5QkRqdGtEQmI5UEJQdUdzcHI5aHJQdnl0R0JINXI2TlVpOVJLYlhwbkFRMlFSemxrWGdVaUJaeERNMmc1VmU2d2YxdUVTd0RxZUNmU21odlZMdGpwa0xjR3NGSEw2QnZnUGhoZ3U2dw?oc=5)
INFO:app.ingestion.multi_source_monitor:    -> FALLBACK (Summary: 405)
INFO:app.ingestion.multi_source_monitor:Fetching from Bing News: https://www.bing.com/news/search?q=boiler%20commissioning%20India&format=rss
INFO:app.ingestion.multi_source_monitor:  - Analyzing: NLC conducts boiler light-up test for NNTPP's first unit (http://www.bing.com/news/apiclick.aspx?ref=FexRss&aid=&tid=69879645b9274a2c808ca09701c601a2&url=https%3a%2f%2ftimesofindia.indiatimes.com%2fbusiness%2findia-business%2fnlc-conducts-boiler-light-up-test-for-nntpps-first-unit%2farticleshow%2f67310172.cms&c=13272156603163521814&mkt=en-in)
INFO:app.ingestion.multi_source_monitor:    -> MATCH (Full Text: 1309)
INFO:app.routers.ingestion:[DEBUG] News Monitor returned: 16 signals
INFO:app.routers.ingestion:[DEBUG] Tender Monitor returned: 17 signals
INFO:app.routers.ingestion:Ingestion complete. Added 20 new signals.
INFO:app.routers.ingestion:Starting Intelligence Processing...
INFO:app.services.intelligence:Processing Signal ID 13: Cisco manufacturing unit a testament of India's engineering capabilities: Scindia
INFO:app.services.intelligence:  -> No company extracted
INFO:app.services.intelligence:  -> No product inferred
INFO:app.services.intelligence:Processing Signal ID 16: DoP Shortlists Patented, Unlaunched Drugs for Global Tender Exemption, See Full List - Medical Dialogues
INFO:app.services.intelligence:  -> No company extracted
INFO:app.services.intelligence:  -> No product inferred
INFO:app.services.intelligence:Processing Signal ID 20: Taural India aluminium casting plant commences operations
INFO:app.services.intelligence:  -> Extracted Company: Taural India aluminium casting plant
INFO:app.services.intelligence:  -> Inferred Product: Furnace Oil
INFO:app.services.intelligence:  -> Created Lead ID 18 (Confidence: 0.90)
INFO:app.services.intelligence:Processing Signal ID 21: Jindal India launches Rs 11,000-crore coating line at Howrah plant
INFO:app.services.intelligence:  -> Extracted Company: Jindal India
INFO:app.services.intelligence:  -> Inferred Product: LDO (Light Diesel Oil)
INFO:app.services.intelligence:  -> Created Lead ID 19 (Confidence: 0.90)
INFO:app.services.intelligence:Processing Signal ID 22: Supertech EV commissions Karnataka plant with 12,000 annual electric two-wheeler capacity
INFO:app.services.intelligence:  -> No company extracted
INFO:app.services.intelligence:  -> No product inferred
INFO:app.services.intelligence:Processing Signal ID 23: India's road construction likely to slide to a 5-year low of 25-26 km per day in FY26: ICRA - The Economic Times
INFO:app.services.intelligence:  -> Extracted Company: India's road construct
INFO:app.services.intelligence:  -> Inferred Product: Bitumen
INFO:app.services.intelligence:  -> Created Lead ID 20 (Confidence: 0.90)
INFO:app.services.intelligence:Processing Signal ID 24: Press Note Details: Press Information Bureau - PIB
INFO:app.services.intelligence:  -> No company extracted
INFO:app.services.intelligence:  -> No product inferred
INFO:app.services.intelligence:Processing Signal ID 25: Govt aims to accelerate pace of highways construction to 60 km/day: Gadkari - ET Infra
INFO:app.services.intelligence:  -> Extracted Company: Govt aims to accelerate pace of highways construct
INFO:app.services.intelligence:  -> Inferred Product: Bitumen
INFO:app.services.intelligence:  -> Created Lead ID 21 (Confidence: 0.90)
INFO:app.services.intelligence:Processing Signal ID 26: Can skilled workers transform India’s highways? NHAI plans mega training mission
INFO:app.services.intelligence:  -> Extracted Company: the construct
INFO:app.services.intelligence:  -> Inferred Product: Bitumen
INFO:app.services.intelligence:  -> Created Lead ID 22 (Confidence: 0.90)
INFO:app.services.intelligence:Processing Signal ID 27: India’s Biggest Highway Push Advances: Over 21,700 km Out Of 26,425 km Awarded Projects Under Bharatmala Pariyojana Completed
INFO:app.services.intelligence:  -> Extracted Company: Km of roads construct
INFO:app.services.intelligence:  -> Inferred Product: Bitumen
INFO:app.services.intelligence:  -> Created Lead ID 23 (Confidence: 0.90)
INFO:app.services.intelligence:Processing Signal ID 28: Pb mins review Sri Anandpur Sahib bridge projects, announce Khuralgarh Sahib road upgrade
INFO:app.services.intelligence:  -> Extracted Company: Punjab education minister Harjot Bains and finance minister Harpal Singh Cheema on Wednesday visited the Sri Anandpur Sahib assembly constituency to review the progress of major bridge construct
INFO:app.services.intelligence:  -> Inferred Product: Bitumen
INFO:app.services.intelligence:  -> Created Lead ID 24 (Confidence: 0.90)
INFO:app.services.intelligence:Processing Signal ID 29: NLC conducts boiler light-up test for NNTPP's first unit
INFO:app.services.intelligence:  -> No company extracted
INFO:app.services.intelligence:  -> Inferred Product: Furnace Oil
INFO:app.services.intelligence:  -> Created Lead ID 25 (Confidence: 0.90)
INFO:app.services.intelligence:Processing Signal ID 30: Cisco manufacturing unit a testament of India's engineering capabilities: Scindia
INFO:app.services.intelligence:  -> No company extracted
INFO:app.services.intelligence:  -> No product inferred
INFO:app.services.intelligence:Processing Signal ID 31: Rockwool Group’s ₹550 crore Cheyyar plant to be operational from mid-2026
INFO:app.services.intelligence:  -> Extracted Company: Rockwool Group
INFO:app.services.intelligence:  -> No product inferred
INFO:app.services.intelligence:  -> Created Lead ID 26 (Confidence: 0.60)
INFO:app.services.intelligence:Processing Signal ID 32: Rockwool Group’s ₹550 crore Cheyyar plant to be operational from mid-2026
INFO:app.services.intelligence:  -> Extracted Company: Rockwool Group
INFO:app.services.intelligence:  -> No product inferred
INFO:app.services.intelligence:  -> Created Lead ID 27 (Confidence: 0.60)
INFO:app.services.intelligence:Processing Signal ID 33: Double spending? New tender for Gurgaon road projects already funded - Times of India
INFO:app.services.intelligence:  -> No company extracted
INFO:app.services.intelligence:  -> Inferred Product: Bitumen
INFO:app.services.intelligence:  -> Created Lead ID 28 (Confidence: 0.90)
INFO:app.services.intelligence:Processing Signal ID 34: Tender deadline pushed again for Bengaluru Tunnel Road - The New Indian Express
INFO:app.services.intelligence:  -> No company extracted
INFO:app.services.intelligence:  -> Inferred Product: Bitumen
INFO:app.services.intelligence:  -> Created Lead ID 29 (Confidence: 0.90)
INFO:app.services.intelligence:Processing Signal ID 35: Tender floated for 3rd line project between Khurda Road & Gangadharpur
INFO:app.services.intelligence:  -> Extracted Company: km third line construct
INFO:app.services.intelligence:  -> Inferred Product: Bitumen
INFO:app.services.intelligence:  -> Created Lead ID 30 (Confidence: 0.90)
INFO:app.services.intelligence:Processing Signal ID 36: India’s highway construction slows again due to elections, delayed land approvals
INFO:app.services.intelligence:  -> Extracted Company: highway construct
INFO:app.services.intelligence:  -> Inferred Product: Bitumen
INFO:app.services.intelligence:  -> Created Lead ID 31 (Confidence: 0.90)
INFO:app.services.intelligence:Processing Signal ID 37: BRO Invites Tender for Construction of Dong-Jachep Road (Green-Field Alignment) To Nhsl Specifications - 2024_BRO_679030_1 - The Sentinel - of this Land, for its People
INFO:app.services.intelligence:  -> Extracted Company: BRO Invites Tender for Construct
INFO:app.services.intelligence:  -> Inferred Product: Bitumen
INFO:app.services.intelligence:  -> Created Lead ID 32 (Confidence: 0.90)
INFO:app.services.intelligence:Processing Signal ID 38: MoRTH Invites Tender for Construction of New 2 Lane with paved shoulders - 2024_MoRTH_815173_1 - The Sentinel - of this Land, for its People
INFO:app.services.intelligence:  -> Extracted Company: MoRTH Invites Tender for Construct
INFO:app.services.intelligence:  -> Inferred Product: Bitumen
INFO:app.services.intelligence:  -> Created Lead ID 33 (Confidence: 0.90)
INFO:app.services.intelligence:Processing Signal ID 39: 16 road projects worth Rs 13 crore launched in Chas block
INFO:app.services.intelligence:  -> Extracted Company: The Chas block is set to undergo significant infra
INFO:app.services.intelligence:  -> Inferred Product: Bitumen
INFO:app.services.intelligence:  -> Created Lead ID 34 (Confidence: 0.90)
INFO:app.routers.ingestion:Intelligence complete. Created 22 new leads.
INFO:apscheduler.executors.default:Job "scheduled_ingestion (trigger: interval[0:30:00], next run at: 2026-02-08 01:44:31 IST)" executed successfully
Fetching from Google News...
Fetching from Bing News...
Fetching from Google News...
Fetching from Bing News...
Fetching from Google News...
Fetching from Bing News...
Searching Tenders for new manufacturing plant India: https://news.google.com/rss/search?q=new%20manufacturing%20plant%20India%20tender+intitle:tender&hl=en-IN&gl=IN&ceid=IN:en
Searching Tenders for new manufacturing plant India: https://www.bing.com/news/search?q=new%20manufacturing%20plant%20India%20tender+tender&format=rss
Searching Tenders for new manufacturing plant India: https://news.google.com/rss/search?q=new%20manufacturing%20plant%20India%20procurement%20notice+intitle:tender&hl=en-IN&gl=IN&ceid=IN:en
Searching Tenders for new manufacturing plant India: https://www.bing.com/news/search?q=new%20manufacturing%20plant%20India%20procurement%20notice+tender&format=rss
Searching Tenders for road construction projects India: https://news.google.com/rss/search?q=road%20construction%20projects%20India%20tender+intitle:tender&hl=en-IN&gl=IN&ceid=IN:en
Searching Tenders for road construction projects India: https://www.bing.com/news/search?q=road%20construction%20projects%20India%20tender+tender&format=rss
Searching Tenders for road construction projects India: https://news.google.com/rss/search?q=road%20construction%20projects%20India%20procurement%20notice+intitle:tender&hl=en-IN&gl=IN&ceid=IN:en
Searching Tenders for road construction projects India: https://www.bing.com/news/search?q=road%20construction%20projects%20India%20procurement%20notice+tender&format=rss
Searching Tenders for boiler commissioning India: https://news.google.com/rss/search?q=boiler%20commissioning%20India%20tender+intitle:tender&hl=en-IN&gl=IN&ceid=IN:en
Searching Tenders for boiler commissioning India: https://www.bing.com/news/search?q=boiler%20commissioning%20India%20tender+tender&format=rss
Searching Tenders for boiler commissioning India: https://news.google.com/rss/search?q=boiler%20commissioning%20India%20procurement%20notice+intitle:tender&hl=en-IN&gl=IN&ceid=IN:en
Searching Tenders for boiler commissioning India: https://www.bing.com/news/search?q=boiler%20commissioning%20India%20procurement%20notice+tender&format=rss
INFO:     127.0.0.1:59482 - "GET / HTTP/1.1" 200 OK
INFO:     127.0.0.1:59482 - "GET / HTTP/1.1" 200 OK
INFO:     127.0.0.1:59482 - "GET / HTTP/1.1" 200 OK
INFO:     127.0.0.1:59512 - "GET / HTTP/1.1" 200 OK
INFO:     127.0.0.1:59512 - "GET / HTTP/1.1" 200 OK
